// Jest Snapshot v1, https://goo.gl/fbAQLP

exports[`App - should create snapshot 1`] = `
<main>
  <nav
    className="navbar navbar-inverse"
  >
    <div
      className="container"
    >
      <div
        className="navbar-header"
      >
        <a
          className="navbar-brand"
          href="/"
          onClick={[Function]}
        >
          SaferActive
        </a>
        <button
          className="navbar-toggle collapsed"
          onClick={[Function]}
          type="button"
        >
          <span
            className="sr-only"
          >
            Toggle navigation
          </span>
          <span
            className="icon-bar"
          />
          <span
            className="icon-bar"
          />
          <span
            className="icon-bar"
          />
        </button>
      </div>
      <div
        aria-expanded={null}
        className="navbar-collapse collapse"
      >
        <ul
          className="nav navbar-nav"
          role={null}
        >
          <li
            className=""
            role="presentation"
          >
            <a
              href="#"
              onClick={[Function]}
              onKeyDown={[Function]}
              role="button"
            >
              About
            </a>
          </li>
        </ul>
        <ul
          className="nav navbar-nav navbar-right"
          role={null}
        >
          <li
            className=""
            role="presentation"
          >
            <a
              href="https://github.com/layik/eAtlas"
              onClick={[Function]}
              onKeyDown={[Function]}
            >
              <i
                className="fa fa-github"
                style={
                  Object {
                    "fontSize": "1.5em",
                  }
                }
              />
            </a>
          </li>
        </ul>
        <ul
          className="nav navbar-nav navbar-right"
          role={null}
        >
          <li
            className=""
            role="presentation"
          >
            <a
              href="#"
              onClick={[Function]}
              onKeyDown={[Function]}
              role="button"
            >
              <svg
                aria-hidden="true"
                height="24"
                viewBox="0 0 24 24"
                width="24"
              >
                <g
                  transform="matrix( 1 0 0 1 4 1 )"
                >
                  <path
                    clipRule="evenodd"
                    d="M15.3999 11C15.7999 10.1 16 9 16 8C16 3.6 12.4 0 8 0C3.6 0 0 3.6 0 8C0 9.1 0.200098 10.1 0.600098 11L2.19995 15L13.8 15L15.3999 11ZM11 22L12.6001 18L3.3999 18L5 22L11 22Z"
                    fill="#fff"
                    fillRule="evenodd"
                    opacity="1"
                  />
                </g>
              </svg>
            </a>
          </li>
        </ul>
      </div>
    </div>
  </nav>
  <div>
    <div
      id="html2pdf"
    >
      <div
        className="loader"
        style={
          Object {
            "visibility": "visible",
            "zIndex": 999,
          }
        }
      />
      <div
        style={
          Object {
            "cursor": "grab",
            "height": "714px",
            "position": "relative",
            "width": "1024px",
          }
        }
      >
        <div
          style={
            Object {
              "height": "100%",
              "position": "relative",
              "width": "100%",
            }
          }
        >
          <div
            className=""
            style={
              Object {
                "height": "100%",
                "overflow": "hidden",
                "position": "absolute",
                "visibility": "inherit",
                "width": "100%",
              }
            }
          />
          <div
            style={
              Object {
                "height": 0,
                "overflow": "visible",
                "width": 0,
              }
            }
          />
        </div>
      </div>
      <div
        className="side-panel-container"
        style={
          Object {
            "marginLeft": 0,
          }
        }
      >
        <div
          className="side-panel"
          style={
            Object {
              "background": "#242730",
              "color": "white",
            }
          }
        >
          <div
            className="side-pane-header"
            style={
              Object {
                "background": "#29323C",
              }
            }
          >
            <h2>
              Nothing to show
            </h2>
            dataset: 
            /api/stats19
          </div>
          <div>
            <button
              className="ae af ag ah ai aj ak al am an ao ap aq ar as at au av aw ax ay az b0 b1 b2 b3 b4 b5 b6 b7 b8 b9 ba bb bc bd"
              data-baseweb="button"
              disabled={false}
              onClick={[Function]}
            >
              Add data
            </button>
            <i
              className="fa fa-table"
              onClick={[Function]}
              style={
                Object {
                  "cursor": "pointer",
                  "fontSize": "1.5em",
                  "margin": 5,
                }
              }
            />
          </div>
          <div
            className="side-panel-body"
          >
            <div
              className="side-panel-body-content"
            >
              <br />
              <hr
                style={
                  Object {
                    "clear": "both",
                  }
                }
              />
              <div
                aria-label="button group"
                className="be"
                data-baseweb="button-group"
              >
                <button
                  className="ae af ag ah ai aj ak al am an ao ap aq ar as at au av aw ax bf az b0 bg bh b3 b4 bi bj bk bl b9 bm"
                  data-baseweb="button"
                  disabled={false}
                  onClick={[Function]}
                >
                  Casualties
                </button>
                <button
                  className="ae af ag ah ai aj ak al am an ao ap aq ar as at au av aw ax bf az b0 b1 b2 bn bo bi bj bk bl b9 bp bq br bs"
                  data-baseweb="button"
                  disabled={false}
                  onClick={[Function]}
                >
                  Walking
                </button>
              </div>
              <div
                id="main-tabs"
              >
                <ul
                  className="nav nav-tabs"
                  role="tablist"
                >
                  <li
                    className="active"
                    role="presentation"
                  >
                    <a
                      aria-controls="main-tabs-pane-1"
                      aria-selected={true}
                      href="#"
                      id="main-tabs-tab-1"
                      onClick={[Function]}
                      onKeyDown={[Function]}
                      role="tab"
                    >
                      <i
                        className="fa fa-info"
                        style={
                          Object {
                            "fontSize": "2rem",
                          }
                        }
                      />
                    </a>
                  </li>
                  <li
                    className=""
                    role="presentation"
                  >
                    <a
                      aria-controls="main-tabs-pane-2"
                      aria-selected={false}
                      href="#"
                      id="main-tabs-tab-2"
                      onClick={[Function]}
                      onKeyDown={[Function]}
                      role="tab"
                      tabIndex={-1}
                    >
                      <i
                        className="fa fa-sliders"
                        style={
                          Object {
                            "fontSize": "2rem",
                          }
                        }
                      />
                    </a>
                  </li>
                  <li
                    className=""
                    role="presentation"
                  >
                    <a
                      aria-controls="main-tabs-pane-3"
                      aria-selected={false}
                      href="#"
                      id="main-tabs-tab-3"
                      onClick={[Function]}
                      onKeyDown={[Function]}
                      role="tab"
                      tabIndex={-1}
                    >
                      <i
                        className="fa fa-filter"
                        style={
                          Object {
                            "fontSize": "2rem",
                          }
                        }
                      />
                    </a>
                  </li>
                </ul>
                <div
                  className="tab-content"
                >
                  <div
                    aria-hidden={false}
                    aria-labelledby="main-tabs-tab-1"
                    className="fade tab-pane active in"
                    id="main-tabs-pane-1"
                    role="tabpanel"
                  />
                  <div
                    aria-hidden={true}
                    aria-labelledby="main-tabs-tab-2"
                    className="fade tab-pane"
                    id="main-tabs-pane-2"
                    role="tabpanel"
                  >
                    Map Styles
                    <br />
                    <div
                      className="dropdown btn-group"
                    >
                      <button
                        aria-expanded={false}
                        aria-haspopup={true}
                        className="dropdown-toggle btn btn-default"
                        disabled={false}
                        id="dropdown-size-medium"
                        onClick={[Function]}
                        onKeyDown={[Function]}
                        role="button"
                        style={
                          Object {
                            "width": "100%",
                          }
                        }
                        type="button"
                      >
                        Default(dark)
                         
                        <span
                          className="caret"
                        />
                      </button>
                      <ul
                        aria-labelledby="dropdown-size-medium"
                        className="dropdown-menu"
                        role="menu"
                      >
                        <li
                          className="mi-class"
                          role="presentation"
                        >
                          <a
                            href="#"
                            onClick={[Function]}
                            onKeyDown={[Function]}
                            role="menuitem"
                            tabIndex="-1"
                          >
                            Dark
                          </a>
                        </li>
                        <li
                          className="mi-class"
                          role="presentation"
                        >
                          <a
                            href="#"
                            onClick={[Function]}
                            onKeyDown={[Function]}
                            role="menuitem"
                            tabIndex="-1"
                          >
                            Basic
                          </a>
                        </li>
                        <li
                          className="mi-class"
                          role="presentation"
                        >
                          <a
                            href="#"
                            onClick={[Function]}
                            onKeyDown={[Function]}
                            role="menuitem"
                            tabIndex="-1"
                          >
                            Streets
                          </a>
                        </li>
                        <li
                          className="mi-class"
                          role="presentation"
                        >
                          <a
                            href="#"
                            onClick={[Function]}
                            onKeyDown={[Function]}
                            role="menuitem"
                            tabIndex="-1"
                          >
                            Bright
                          </a>
                        </li>
                        <li
                          className="mi-class"
                          role="presentation"
                        >
                          <a
                            href="#"
                            onClick={[Function]}
                            onKeyDown={[Function]}
                            role="menuitem"
                            tabIndex="-1"
                          >
                            Light
                          </a>
                        </li>
                        <li
                          className="mi-class"
                          role="presentation"
                        >
                          <a
                            href="#"
                            onClick={[Function]}
                            onKeyDown={[Function]}
                            role="menuitem"
                            tabIndex="-1"
                          >
                            Satellite
                          </a>
                        </li>
                        <li
                          className="mi-class"
                          role="presentation"
                        >
                          <a
                            href="#"
                            onClick={[Function]}
                            onKeyDown={[Function]}
                            role="menuitem"
                            tabIndex="-1"
                          >
                            No map
                          </a>
                        </li>
                      </ul>
                    </div>
                    <div
                      className="checkbox"
                    >
                      <label
                        title=""
                      >
                        <input
                          disabled={false}
                          onChange={[Function]}
                          type="checkbox"
                        />
                        Hex Plot
                      </label>
                    </div>
                    <div
                      className="checkbox"
                    >
                      <label
                        title=""
                      >
                        <input
                          disabled={false}
                          onChange={[Function]}
                          type="checkbox"
                        />
                        Subset by map boundary
                      </label>
                    </div>
                  </div>
                  <div
                    aria-hidden={true}
                    aria-labelledby="main-tabs-tab-3"
                    className="fade tab-pane"
                    id="main-tabs-pane-3"
                    role="tabpanel"
                  />
                </div>
              </div>
            </div>
            <div
              className="space"
            />
            <form
              className="search-form"
              onSubmit={[Function]}
            >
              <div
                className="form-group"
              >
                <span
                  className="input-group"
                >
                  <input
                    className="form-control"
                    onChange={[Function]}
                    placeholder="fly to..."
                    style={
                      Object {
                        "background": "#242730",
                        "color": "white",
                      }
                    }
                    type="text"
                  />
                  <span
                    className="input-group-addon"
                    style={
                      Object {
                        "background": "#242730",
                        "color": "white",
                      }
                    }
                  >
                    <span
                      className="glyphicon glyphicon-search"
                    />
                  </span>
                </span>
              </div>
            </form>
          </div>
        </div>
        <div
          className="close-button"
          onClick={[Function]}
          style={
            Object {
              "color": "white",
            }
          }
        >
          <div
            style={
              Object {
                "backgroundColor": "#242730",
              }
            }
          >
            <i
              className="fa fa-arrow-circle-left"
              style={
                Object {
                  "color": "white !important",
                  "fontSize": "2rem",
                }
              }
            />
          </div>
        </div>
      </div>
    </div>
  </div>
  <div />
</main>
`;
